[twitter.github.io/bootstrap/index.html]
[backblue.gif]
[fade.gif]
[index.html]
[twitter.github.io/bootstrap/assets/css/bootstrap.css]
[twitter.github.io/bootstrap/assets/css/bootstrap-responsive.css]
[twitter.github.io/bootstrap/assets/css/docs.css]
[twitter.github.io/bootstrap/assets/js/google-code-prettify/prettify.css]
[twitter.github.io/bootstrap/assets/ico/apple-touch-icon-144-precomposed.png]
[twitter.github.io/bootstrap/assets/ico/apple-touch-icon-114-precomposed.png]
[twitter.github.io/bootstrap/assets/ico/apple-touch-icon-72-precomposed.png]
[twitter.github.io/bootstrap/assets/ico/apple-touch-icon-57-precomposed.png]
[twitter.github.io/bootstrap/assets/ico/favicon.png]
[twitter.github.io/bootstrap/getting-started.html]
[twitter.github.io/bootstrap/scaffolding.html]
[twitter.github.io/bootstrap/base-css.html]
[twitter.github.io/bootstrap/components.html]
[twitter.github.io/bootstrap/javascript.html]
[twitter.github.io/bootstrap/customize.html]
[twitter.github.io/bootstrap/assets/bootstrap.zip]
[twitter.github.io/bootstrap/extend.html]
[twitter.github.io/bootstrap/assets/img/bs-docs-twitter-github.png]
[twitter.github.io/bootstrap/assets/img/bs-docs-responsive-illustrations.png]
[twitter.github.io/bootstrap/assets/img/bs-docs-bootstrap-features.png]
[twitter.github.io/bootstrap/assets/img/example-sites/soundready.png]
[twitter.github.io/bootstrap/assets/img/example-sites/kippt.png]
[twitter.github.io/bootstrap/assets/img/example-sites/gathercontent.png]
[twitter.github.io/bootstrap/assets/img/example-sites/jshint.png]
[twitter.github.io/bootstrap/assets/js/jquery.js]
[twitter.github.io/bootstrap/assets/js/bootstrap-transition.js]
[twitter.github.io/bootstrap/assets/js/bootstrap-alert.js]
[twitter.github.io/bootstrap/assets/js/bootstrap-modal.js]
[twitter.github.io/bootstrap/assets/js/bootstrap-dropdown.js]
[twitter.github.io/bootstrap/assets/js/bootstrap-scrollspy.js]
[twitter.github.io/bootstrap/assets/js/bootstrap-tab.js]
[twitter.github.io/bootstrap/assets/js/bootstrap-tooltip.js]
[twitter.github.io/bootstrap/assets/js/bootstrap-popover.js]
[twitter.github.io/bootstrap/assets/js/bootstrap-button.js]
[twitter.github.io/bootstrap/assets/js/bootstrap-collapse.js]
[twitter.github.io/bootstrap/assets/js/bootstrap-carousel.js]
[twitter.github.io/bootstrap/assets/js/bootstrap-typeahead.js]
[platform.twitter.com/widgets.js]
[twitter.github.io/bootstrap/assets/js/bootstrap-affix.js]
[twitter.github.io/bootstrap/assets/js/holder/holder.js]
[twitter.github.io/bootstrap/assets/js/google-code-prettify/prettify.js]
[twitter.github.io/bootstrap/assets/js/application.js]
[secure.gaug.es/track.js]
[twitter.github.io/bootstrap/index.html]
[twitter.github.io/bootstrap/assets/img/glyphicons-halflings.png]
[twitter.github.io/bootstrap/assets/img/glyphicons-halflings-white.png]
[twitter.github.io/bootstrap/assets/css/bootstrap.css]
[twitter.github.io/bootstrap/assets/css/bootstrap-responsive.css]
[twitter.github.io/bootstrap/assets/img/bs-docs-masthead-pattern.png]
[twitter.github.io/bootstrap/assets/css/docs.css]
[twitter.github.io/bootstrap/assets/js/google-code-prettify/prettify.css]
[twitter.github.io/bootstrap/examples/starter-template.html]
[twitter.github.io/bootstrap/assets/img/examples/bootstrap-example-starter.png]
[twitter.github.io/bootstrap/examples/hero.html]
[twitter.github.io/bootstrap/assets/img/examples/bootstrap-example-marketing.png]
[twitter.github.io/bootstrap/examples/fluid.html]
[twitter.github.io/bootstrap/assets/img/examples/bootstrap-example-fluid.png]
[twitter.github.io/bootstrap/examples/marketing-narrow.html]
[twitter.github.io/bootstrap/assets/img/examples/bootstrap-example-marketing-narrow.png]
[twitter.github.io/bootstrap/examples/justified-nav.html]
[twitter.github.io/bootstrap/assets/img/examples/bootstrap-example-justified-nav.png]
[twitter.github.io/bootstrap/examples/signin.html]
[twitter.github.io/bootstrap/assets/img/examples/bootstrap-example-signin.png]
[twitter.github.io/bootstrap/examples/sticky-footer.html]
[twitter.github.io/bootstrap/assets/img/examples/bootstrap-example-sticky-footer.png]
[twitter.github.io/bootstrap/examples/carousel.html]
[twitter.github.io/bootstrap/assets/img/examples/bootstrap-example-carousel.png]
[twitter.github.io/bootstrap/getting-started.html]
[twitter.github.io/bootstrap/assets/img/responsive-illustrations.png]
[twitter.github.io/bootstrap/scaffolding.html]
[twitter.github.io/bootstrap/base-css.html]
[twitter.github.io/bootstrap/components.html]
[twitter.github.io/bootstrap/assets/img/bootstrap-mdo-sfmoma-01.jpg]
[twitter.github.io/bootstrap/assets/img/bootstrap-mdo-sfmoma-02.jpg]
[twitter.github.io/bootstrap/assets/img/bootstrap-mdo-sfmoma-03.jpg]
[twitter.github.io/bootstrap/javascript.html]
[twitter.github.io/bootstrap/customize.html]
[twitter.github.io/bootstrap/assets/img/less-logo-large.png]
[twitter.github.io/bootstrap/extend.html]
[twitter.github.io/bootstrap/assets/js/jquery.js]
[twitter.github.io/bootstrap/assets/js/bootstrap-transition.js]
[twitter.github.io/bootstrap/assets/js/bootstrap-alert.js]
[twitter.github.io/bootstrap/assets/js/bootstrap-modal.js]
[twitter.github.io/bootstrap/assets/js/bootstrap-dropdown.js]
[twitter.github.io/bootstrap/assets/js/bootstrap-scrollspy.js]
[twitter.github.io/bootstrap/assets/js/bootstrap-tab.js]
[twitter.github.io/bootstrap/assets/js/bootstrap-tooltip.js]
[twitter.github.io/bootstrap/assets/js/bootstrap-popover.js]
[twitter.github.io/bootstrap/assets/js/bootstrap-button.js]
[twitter.github.io/bootstrap/assets/js/bootstrap-collapse.js]
[twitter.github.io/bootstrap/assets/js/bootstrap-carousel.js]
[twitter.github.io/bootstrap/assets/js/bootstrap-typeahead.js]
[twitter.github.io/bootstrap/assets/js/bootstrap-affix.js]
[twitter.github.io/bootstrap/assets/js/holder/holder.js]
[twitter.github.io/bootstrap/assets/js/google-code-prettify/prettify.js]
[twitter.github.io/bootstrap/assets/js/application.js]
[twitter.github.io/bootstrap/examples/starter-template.html]
[twitter.github.io/bootstrap/examples/hero.html]
[twitter.github.io/bootstrap/examples/fluid.html]
[twitter.github.io/bootstrap/examples/marketing-narrow.html]
[twitter.github.io/bootstrap/examples/justified-nav.html]
[twitter.github.io/bootstrap/examples/signin.html]
[twitter.github.io/bootstrap/examples/sticky-footer-navbar.html]
[twitter.github.io/bootstrap/examples/sticky-footer.html]
[twitter.github.io/bootstrap/assets/img/examples/slide-01.jpg]
[twitter.github.io/bootstrap/assets/img/examples/slide-02.jpg]
[twitter.github.io/bootstrap/assets/img/examples/slide-03.jpg]
[twitter.github.io/bootstrap/assets/img/examples/browser-icon-chrome.png]
[twitter.github.io/bootstrap/assets/img/examples/browser-icon-firefox.png]
[twitter.github.io/bootstrap/assets/img/examples/browser-icon-safari.png]
[twitter.github.io/bootstrap/examples/carousel.html]
[twitter.github.io/bootstrap/examples/sticky-footer-navbar.html]
