[dashboard.mtfo.fr/home.html]
[backblue.gif]
[fade.gif]
[index.html]
[minecraft.net/apple-touch-icon.png]
[dashboard.mtfo.fr/assets/img/favicon.ico]
[ni-cloud.fr/images/bg.png]
[dashboard.mtfo.fr/homec1a4.html]
[dashboard.mtfo.fr/assets/img/logo.png]
[dashboard.mtfo.fr/loginc1a4.html]
[dashboard.mtfo.fr/assets/img/glyphicons_203_lock.png]
[dashboard.mtfo.fr/index.cc1a4.delayed]
[dashboard.mtfo.fr/minecraftc1a4.html]
[dashboard.mtfo.fr/musicc1a4.html]
[dashboard.mtfo.fr/boutiquec1a4.html]
[dashboard.mtfo.fr/infoc1a4.html]
[dashboard.mtfo.fr/docs/doc-mtfoc1a4.html]
[dashboard.mtfo.fr/boutique.html]
[d36xtkk24g8jdx.cloudfront.net/bluebar/3859a49/thirdparty/images/badges/ig-badge-sprite-32.png]
[d36xtkk24g8jdx.cloudfront.net/bluebar/3859a49/thirdparty/images/badges/ig-badge-sprite-32@2x.png]
[d36xtkk24g8jdx.cloudfront.net/bluebar/3859a49/thirdparty/images/badges/ig-badge-32.png]
[dashboard.mtfo.fr/buycraftc1a4.html]
[static.copyrighted.com/images/seal.gif]
[ajax.googleapis.com/ajax/libs/jquery/1/jquery.min.js]
[dashboard.mtfo.fr/assets/js/bootstrap-transition.js]
[dashboard.mtfo.fr/assets/js/bootstrap-collapse.js]
[dashboard.mtfo.fr/assets/js/bootstrap-modal.js]
[dashboard.mtfo.fr/assets/js/bootstrap-dropdown.js]
[dashboard.mtfo.fr/assets/js/bootstrap-button.js]
[dashboard.mtfo.fr/assets/js/bootstrap-tab.js]
[dashboard.mtfo.fr/assets/js/bootstrap-alert.js]
[dashboard.mtfo.fr/assets/js/bootstrap-tooltip.js]
[dashboard.mtfo.fr/assets/js/jquery.ba-hashchange.min.js]
[dashboard.mtfo.fr/assets/js/jquery.validate.min.js]
[dashboard.mtfo.fr/assets/js/jquery.placeholder.min.js]
[dashboard.mtfo.fr/assets/js/jquery.jigowatt.js]
[code.jquery.com/jquery-latest.js]
[ajax.googleapis.com/ajax/libs/jqueryui/1.8.4/jquery-ui.min.js]
[dashboard.mtfo.fr/js/jquery.jigowatt.js]
[pagead2.googlesyndication.com/pagead/show_ads.js]
[dashboard.mtfo.fr/partnersc1a4.html]
[dashboard.mtfo.fr/home.html]
[dashboard.mtfo.fr/images/bars/housing/bar.jpg]
[dashboard.mtfo.fr/images/bars/hosting/bar.jpg]
[dashboard.mtfo.fr/images/bars/support/bar.jpg]
[dashboard.mtfo.fr/fr/images/index/2012/rss_feed2.jpg]
[client.mtfo.fr/assets/img/mMenu-bg.png]
[client.mtfo.fr/assets/img/mainMenu-a-bg.jpg]
[dashboard.mtfo.fr/themes/10/main/pastille-espace-client.33.delayed]
[dashboard.mtfo.fr/themes/10/main/cloud-dots.jpg]
[dashboard.mtfo.fr/themes/10/main/web-arrow.jpg]
[dashboard.mtfo.fr/themes/10/main/dedicated-arrow.jpg]
[dashboard.mtfo.fr/themes/10/main/cloud-arrow.jpg]
[dashboard.mtfo.fr/themes/10/main/telecom-arrow.jpg]
[dashboard.mtfo.fr/themes/10/main/about-arrow.jpg]
[dashboard.mtfo.fr/images/index/sub-ind-bg.jpg]
[dashboard.mtfo.fr/images/index/2012/title_panel.jpg]
[dashboard.mtfo.fr/images/index/2011/dom_bg.jpg]
[dashboard.mtfo.fr/images/index/2011/renew.jpg]
[dashboard.mtfo.fr/images/index/2011/order.jpg]
[dashboard.mtfo.fr/images/index/slidebg.jpg]
[dashboard.mtfo.fr/images/index/barrowright.jpg]
[dashboard.mtfo.fr/images/index/barrowleft.jpg]
[dashboard.mtfo.fr/images/index/garrowleft.jpg]
[dashboard.mtfo.fr/images/index/controls/gDot.gif]
[dashboard.mtfo.fr/images/index/controls/bDot.gif]
[dashboard.mtfo.fr/images/index/controls/gLarrow.gif]
[dashboard.mtfo.fr/images/index/controls/bLarrow.gif]
[dashboard.mtfo.fr/images/index/controls/gRarrow.gif]
[dashboard.mtfo.fr/images/index/controls/bRarrow.gif]
[dashboard.mtfo.fr/themes/default/images/index/more_button.gif]
[dashboard.mtfo.fr/themes/default/images/index/order_button_blue.gif]
[dashboard.mtfo.fr/themes/default/images/index/right_pan_bg.png]
[dashboard.mtfo.fr/themes/default/images/index/grey_bg.gif]
[dashboard.mtfo.fr/themes/default/images/index/mod_grey_bg.gif]
[dashboard.mtfo.fr/themes/default/images/index/footer_index_grey_bg.gif]
[dashboard.mtfo.fr/themes/default/images/index/help_grey_bg.gif]
[dashboard.mtfo.fr/themes/default/images/index/order_grey_bg.gif]
[dashboard.mtfo.fr/themes/default/images/index/index_grey_bg.gif]
[dashboard.mtfo.fr/themes/default/images/index/index_grey_bg_assist.gif]
[dashboard.mtfo.fr/themes/default/images/index/little_index_grey_bg.gif]
[dashboard.mtfo.fr/themes/default/images/index/link_arrow.png]
[dashboard.mtfo.fr/images/index/ded-sq.jpg]
[dashboard.mtfo.fr/images/index/tel-sq.jpg]
[dashboard.mtfo.fr/images/index/doms-sq.jpg]
[dashboard.mtfo.fr/images/index/hosting-sq.jpg]
[dashboard.mtfo.fr/themes/default/images/shared/listImage.gif]
[dashboard.mtfo.fr/themes/default/images/shared/listImageRed.gif]
[dashboard.mtfo.fr/themes/default/images/shared/listImageGrey.gif]
[dashboard.mtfo.fr/themes/default/images/share/bigOrder_bg.png]
[dashboard.mtfo.fr/themes/default/images/blue/lighten_hover.png]
[dashboard.mtfo.fr/images/bars/general/bButton.jpg]
[dashboard.mtfo.fr/themes/10/dedicated.jpg]
[dashboard.mtfo.fr/themes/default/images/titles/domains.png]
[dashboard.mtfo.fr/themes/default/images/titles/telecom.png]
[dashboard.mtfo.fr/themes/default/images/titles/hosting.png]
[dashboard.mtfo.fr/themes/default/images/titles/housing.png]
[dashboard.mtfo.fr/themes/10/customers.jpg]
[dashboard.mtfo.fr/themes/10/about.jpg]
[dashboard.mtfo.fr/themes/10/emails.jpg]
[dashboard.mtfo.fr/themes/10/rps.jpg]
[dashboard.mtfo.fr/themes/10/ssl.jpg]
[dashboard.mtfo.fr/themes/10/vs.jpg]
[dashboard.mtfo.fr/images/gwt/gwt_input.gif]
[dashboard.mtfo.fr/assets/css/mtfo.css]
[dashboard.mtfo.fr/assets/img/glyphicons-halflings.png]
[dashboard.mtfo.fr/assets/img/glyphicons-halflings-white.png]
[dashboard.mtfo.fr/assets/css/bootstrap.min.css]
[dashboard.mtfo.fr/assets/img/main-hero.png]
[dashboard.mtfo.fr/assets/css/jigowatt.css]
[dashboard.mtfo.fr/assets/css/kd-button.css]
[dashboard.mtfo.fr/login.html]
[dashboard.mtfo.fr/index.php]
[dashboard.mtfo.fr/minecraft.html]
[dashboard.mtfo.fr/music.html]
[dashboard.mtfo.fr/info.html]
[dashboard.mtfo.fr/docs/doc-mtfo.html]
[dashboard.mtfo.fr/buycraft.html]
[dashboard.mtfo.fr/partners.html]
[dashboard.mtfo.fr/homec1a4.html]
[dashboard.mtfo.fr/index.php]
[dashboard.mtfo.fr/sign_up.html]
[dashboard.mtfo.fr/loginb41c.html]
[dashboard.mtfo.fr/assets/img/twitter_signin.png]
[dashboard.mtfo.fr/login.7a667f.delayed]
[dashboard.mtfo.fr/assets/img/google_signin.png]
[dashboard.mtfo.fr/login6f4d.php]
[dashboard.mtfo.fr/loginc1a4.html]
[dashboard.mtfo.fr/assets/img/yahoo_signin.png]
[ajax.googleapis.com/ajax/libs/jquery/1.9.1/jquery.min.js]
[ajax.googleapis.com/ajax/libs/jqueryui/1.10.1/jquery-ui.min.js]
[dashboard.mtfo.fr/assets/alert/css/alert.css]
[dashboard.mtfo.fr/assets/alert/themes/default/theme.css]
[dashboard.mtfo.fr/assets/alert/js/alert.js]
[dashboard.mtfo.fr/index.php]
[dashboard.mtfo.fr/minecraftc1a4.html]
[dashboard.mtfo.fr/animated_favicon1.gif]
[dashboard.mtfo.fr/index.php]
[static.wix.com/services/skins/2.89.0/images/wysiwyg/core/themes/base/liftedshadow_medium.png]
[dashboard.mtfo.fr/assets/js/effect.88.delayed]
[dashboard.mtfo.fr/musicc1a4.html]
[dashboard.mtfo.fr/index.php]
[dashboard.mtfo.fr/shop-stock/updatescript/icon.jpg]
[dashboard.mtfo.fr/shop-stock/facebooktemplate/icon.png]
[app.divshot.com/img/placeholder-64x64.gif]
[dashboard.mtfo.fr/boutiquec1a4.html]
[dashboard.mtfo.fr/index.8e.delayed]
[dashboard.mtfo.fr/partners-2.html]
[dashboard.mtfo.fr/infoc1a4.html]
[dashboard.mtfo.fr/docs/doc-nodus.html]
[dashboard.mtfo.fr/docs/doc-magic.html]
[dashboard.mtfo.fr/V3 MTFO.png]
[dashboard.mtfo.fr/docs/assets/js/bootstrap-transition.94.delayed]
[dashboard.mtfo.fr/docs/assets/js/bootstrap-collapse.js]
[dashboard.mtfo.fr/docs/assets/js/bootstrap-modal.js]
[dashboard.mtfo.fr/docs/assets/js/bootstrap-dropdown.js]
[dashboard.mtfo.fr/docs/assets/js/bootstrap-button.js]
[dashboard.mtfo.fr/docs/assets/js/bootstrap-tab.js]
[dashboard.mtfo.fr/docs/assets/js/bootstrap-alert.js]
[dashboard.mtfo.fr/docs/assets/js/bootstrap-tooltip.js]
[dashboard.mtfo.fr/docs/assets/js/jquery.ba-hashchange.min.js]
[dashboard.mtfo.fr/docs/assets/js/jquery.validate.min.js]
[dashboard.mtfo.fr/docs/assets/js/jquery.placeholder.min.js]
[dashboard.mtfo.fr/docs/assets/js/jquery.jigowatt.js]
[dashboard.mtfo.fr/docs/js/jquery.jigowatt.js]
[dashboard.mtfo.fr/docs/partners.php]
[dashboard.mtfo.fr/docs/info.php]
[dashboard.mtfo.fr/docs/doc-mtfoc1a4.html]
[dashboard.mtfo.fr/boutique.html]
[www.paypalobjects.com/fr_FR/FR/i/btn/btn_buynowCC_LG.gif]
[www.paypalobjects.com/fr_FR/i/scr/pixel.gif]
[dashboard.mtfo.fr/buycraftc1a4.html]
[code.jquery.com/jquery-latest.js]
[dashboard.mtfo.fr/js/jquery.jigowatt.html]
[dashboard.mtfo.fr/become-partner.html]
[dashboard.mtfo.fr/partnersc1a4.html]
[dashboard.mtfo.fr/images/bars/housing/bar.html]
[dashboard.mtfo.fr/images/bars/hosting/bar.html]
[dashboard.mtfo.fr/images/bars/support/bar.html]
[dashboard.mtfo.fr/fr/images/index/2012/rss_feed2.html]
[dashboard.mtfo.fr/themes/10/main/pastille-espace-client.html]
[dashboard.mtfo.fr/themes/10/main/cloud-dots.html]
[dashboard.mtfo.fr/themes/10/main/web-arrow.html]
[dashboard.mtfo.fr/themes/10/main/dedicated-arrow.html]
[dashboard.mtfo.fr/themes/10/main/cloud-arrow.html]
[dashboard.mtfo.fr/themes/10/main/telecom-arrow.html]
[dashboard.mtfo.fr/themes/10/main/about-arrow.html]
[dashboard.mtfo.fr/images/index/sub-ind-bg.html]
[dashboard.mtfo.fr/images/index/2012/title_panel.html]
[dashboard.mtfo.fr/images/index/2011/dom_bg.html]
[dashboard.mtfo.fr/images/index/2011/renew.html]
[dashboard.mtfo.fr/images/index/2011/order.html]
[dashboard.mtfo.fr/images/index/slidebg.html]
[dashboard.mtfo.fr/images/index/barrowright.html]
[dashboard.mtfo.fr/images/index/barrowleft.html]
[dashboard.mtfo.fr/images/index/garrowleft.html]
[dashboard.mtfo.fr/images/index/controls/gDot.html]
[dashboard.mtfo.fr/images/index/controls/bDot.html]
[dashboard.mtfo.fr/images/index/controls/gLarrow.html]
[dashboard.mtfo.fr/images/index/controls/bLarrow.html]
[dashboard.mtfo.fr/images/index/controls/gRarrow.html]
[dashboard.mtfo.fr/images/index/controls/bRarrow.html]
[dashboard.mtfo.fr/themes/default/images/index/more_button.html]
[dashboard.mtfo.fr/themes/default/images/index/order_button_blue.html]
[dashboard.mtfo.fr/themes/default/images/index/right_pan_bg.html]
[dashboard.mtfo.fr/themes/default/images/index/grey_bg.html]
[dashboard.mtfo.fr/themes/default/images/index/mod_grey_bg.html]
[dashboard.mtfo.fr/themes/default/images/index/footer_index_grey_bg.html]
[dashboard.mtfo.fr/themes/default/images/index/help_grey_bg.html]
[dashboard.mtfo.fr/themes/default/images/index/order_grey_bg.html]
[dashboard.mtfo.fr/themes/default/images/index/index_grey_bg.html]
[dashboard.mtfo.fr/themes/default/images/index/index_grey_bg_assist.html]
[dashboard.mtfo.fr/themes/default/images/index/little_index_grey_bg.html]
[dashboard.mtfo.fr/themes/default/images/index/link_arrow.html]
[dashboard.mtfo.fr/images/index/ded-sq.html]
[dashboard.mtfo.fr/images/index/tel-sq.html]
[dashboard.mtfo.fr/images/index/doms-sq.html]
[dashboard.mtfo.fr/images/index/hosting-sq.html]
[dashboard.mtfo.fr/themes/default/images/shared/listImage.html]
[dashboard.mtfo.fr/themes/default/images/shared/listImageRed.html]
[dashboard.mtfo.fr/themes/default/images/shared/listImageGrey.html]
[dashboard.mtfo.fr/themes/default/images/share/bigOrder_bg.html]
[dashboard.mtfo.fr/themes/default/images/blue/lighten_hover.html]
[dashboard.mtfo.fr/images/bars/general/bButton.html]
[dashboard.mtfo.fr/themes/10/dedicated.html]
[dashboard.mtfo.fr/themes/default/images/titles/domains.html]
[dashboard.mtfo.fr/themes/default/images/titles/telecom.html]
[dashboard.mtfo.fr/themes/default/images/titles/hosting.html]
[dashboard.mtfo.fr/themes/default/images/titles/housing.html]
[dashboard.mtfo.fr/themes/10/customers.html]
[dashboard.mtfo.fr/themes/10/about.html]
[dashboard.mtfo.fr/themes/10/emails.html]
[dashboard.mtfo.fr/themes/10/rps.html]
[dashboard.mtfo.fr/themes/10/ssl.html]
[dashboard.mtfo.fr/themes/10/vs.html]
[dashboard.mtfo.fr/images/gwt/gwt_input.html]
[dashboard.mtfo.fr/login6f4d.php]
[dashboard.mtfo.fr/login.html]
[dashboard.mtfo.fr/minecraft.html]
[dashboard.mtfo.fr/music.html]
[dashboard.mtfo.fr/info.html]
[dashboard.mtfo.fr/docs/doc-mtfo.html]
[dashboard.mtfo.fr/buycraft.html]
[dashboard.mtfo.fr/partners.html]
[dashboard.mtfo.fr/sign_up.html]
[dashboard.mtfo.fr/loginb41c.html]
[dashboard.mtfo.fr/assets/css/font.css]
[dashboard.mtfo.fr/assets/alert/css/alert.html]
[dashboard.mtfo.fr/assets/alert/themes/default/theme.html]
[dashboard.mtfo.fr/assets/alert/js/alert.html]
[dashboard.mtfo.fr/animated_favicon1.html]
[dashboard.mtfo.fr/assets/js/effect.html]
[dashboard.mtfo.fr/partners-2.html]
[dashboard.mtfo.fr/docs/doc-magic-2.html]
[nodusgriefing.com/logo.png]
[dashboard.mtfo.fr/docs/doc-nodus.html]
[minecraft.fr/wp-content/uploads/2012/01/magiclauncher_logo.png]
[i.imgur.com/SZvAfni.png]
[i.imgur.com/GXu27xa.png]
[i.imgur.com/81kV4wR.png]
[i.imgur.com/WSY0ZDk.png]
[dashboard.mtfo.fr/docs/doc-magic.html]
[dashboard.mtfo.fr/docs/assets/js/bootstrap-transition.html]
[dashboard.mtfo.fr/docs/assets/js/bootstrap-collapse.html]
[dashboard.mtfo.fr/docs/assets/js/bootstrap-modal.html]
[dashboard.mtfo.fr/docs/assets/js/bootstrap-dropdown.html]
[dashboard.mtfo.fr/docs/assets/js/bootstrap-button.html]
[dashboard.mtfo.fr/docs/assets/js/bootstrap-tab.html]
[dashboard.mtfo.fr/docs/assets/js/bootstrap-alert.html]
[dashboard.mtfo.fr/docs/assets/js/bootstrap-tooltip.html]
[dashboard.mtfo.fr/docs/assets/js/jquery.ba-hashchange.min.html]
[dashboard.mtfo.fr/docs/assets/js/jquery.validate.min.html]
[dashboard.mtfo.fr/docs/assets/js/jquery.placeholder.min.html]
[dashboard.mtfo.fr/docs/assets/js/jquery.jigowatt.html]
[dashboard.mtfo.fr/docs/js/jquery.jigowatt.html]
[dashboard.mtfo.fr/docs/partners.html]
[dashboard.mtfo.fr/docs/info.html]
[dashboard.mtfo.fr/assets/css/buycraft.css]
[dashboard.mtfo.fr/assets/img/pattern.png]
[dashboard.mtfo.fr/assets/img/top-bg.png]
[dashboard.mtfo.fr/assets/img/loop.png]
[dashboard.mtfo.fr/assets/css/style.css]
[dashboard.mtfo.fr/assets/img/1.PNG]
[dashboard.mtfo.fr/assets/img/2.PNG]
[dashboard.mtfo.fr/become-partner-f.html]
[dashboard.mtfo.fr/docs/partner.pdf]
[dashboard.mtfo.fr/become-partner.html]
[dashboard.mtfo.fr/docs/doc-magic-2.html]
[dashboard.mtfo.fr/become-partner-f.html]
